0 verbose cli /usr/local/bin/node /usr/local/bin/npm
1 info using npm@11.12.1
2 info using node@v25.9.0
3 silly config load:file:/usr/local/lib/node_modules/npm/npmrc
4 silly config load:file:/Users/abdulwahab/Sites/cherrywood/.npmrc
5 silly config load:file:/Users/abdulwahab/.npmrc
6 silly config load:file:/usr/local/etc/npmrc
7 verbose title npm install nodemailer @types/nodemailer
8 verbose argv "install" "nodemailer" "@types/nodemailer" "--cache" ".npm-cache"
9 verbose logfile logs-max:10 dir:/Users/abdulwahab/Sites/cherrywood/.npm-cache/_logs/2026-05-16T11_22_16_966Z-
10 verbose logfile /Users/abdulwahab/Sites/cherrywood/.npm-cache/_logs/2026-05-16T11_22_16_966Z-debug-0.log
11 silly logfile done cleaning log files
12 silly packumentCache heap:4496293888 maxSize:1124073472 maxEntrySize:562036736
13 http fetch GET 200 https://registry.npmjs.org/npm 145ms
14 silly idealTree buildDeps
15 silly fetch manifest nodemailer@*
16 silly packumentCache full:https://registry.npmjs.org/nodemailer cache-miss
17 http fetch GET 200 https://registry.npmjs.org/nodemailer 57ms (cache miss)
18 silly packumentCache full:https://registry.npmjs.org/nodemailer set size:undefined disposed:false
19 silly fetch manifest @types/nodemailer@*
20 silly packumentCache full:https://registry.npmjs.org/@types%2fnodemailer cache-miss
21 http fetch GET 200 https://registry.npmjs.org/@types%2fnodemailer 44ms (cache miss)
22 silly packumentCache full:https://registry.npmjs.org/@types%2fnodemailer set size:undefined disposed:false
23 silly placeDep ROOT @types/nodemailer@8.0.0 OK for: cherrywood@0.1.0 want: *
24 silly placeDep ROOT nodemailer@8.0.7 OK for: cherrywood@0.1.0 want: *
25 silly fetch manifest esm@3.2.25
26 silly packumentCache full:https://registry.npmjs.org/esm cache-miss
27 http fetch GET 200 https://registry.npmjs.org/esm 297ms (cache miss)
28 silly packumentCache full:https://registry.npmjs.org/esm set size:undefined disposed:false
29 silly fetch manifest terser@4.8.0
30 silly packumentCache full:https://registry.npmjs.org/terser cache-miss
31 http fetch GET 200 https://registry.npmjs.org/terser 60ms (cache miss)
32 silly packumentCache full:https://registry.npmjs.org/terser set size:undefined disposed:false
33 silly fetch manifest uvu@0.5.4
34 silly packumentCache full:https://registry.npmjs.org/uvu cache-miss
35 http fetch GET 200 https://registry.npmjs.org/uvu 34ms (cache miss)
36 silly packumentCache full:https://registry.npmjs.org/uvu set size:undefined disposed:false
37 silly placeDep ROOT esm@3.2.25 OK for: clsx@2.1.1 want: 3.2.25
38 silly placeDep ROOT terser@4.8.0 OK for: clsx@2.1.1 want: 4.8.0
39 silly placeDep ROOT uvu@0.5.4 OK for: clsx@2.1.1 want: 0.5.4
40 silly fetch manifest commander@^2.20.0
41 silly packumentCache full:https://registry.npmjs.org/commander cache-miss
42 silly fetch manifest source-map@~0.6.1
43 silly packumentCache full:https://registry.npmjs.org/source-map cache-miss
44 silly fetch manifest source-map-support@~0.5.12
45 silly packumentCache full:https://registry.npmjs.org/source-map-support cache-miss
46 silly fetch manifest dequal@^2.0.0
47 silly packumentCache full:https://registry.npmjs.org/dequal cache-miss
48 silly fetch manifest diff@^5.0.0
49 silly packumentCache full:https://registry.npmjs.org/diff cache-miss
50 silly fetch manifest kleur@^4.0.3
51 silly packumentCache full:https://registry.npmjs.org/kleur cache-miss
52 silly fetch manifest sade@^1.7.3
53 silly packumentCache full:https://registry.npmjs.org/sade cache-miss
54 http fetch GET 200 https://registry.npmjs.org/commander 40ms (cache miss)
55 silly packumentCache full:https://registry.npmjs.org/commander set size:undefined disposed:false
56 http fetch GET 200 https://registry.npmjs.org/source-map 56ms (cache miss)
57 silly packumentCache full:https://registry.npmjs.org/source-map set size:undefined disposed:false
58 http fetch GET 200 https://registry.npmjs.org/dequal 73ms (cache miss)
59 silly packumentCache full:https://registry.npmjs.org/dequal set size:undefined disposed:false
60 http fetch GET 200 https://registry.npmjs.org/kleur 75ms (cache miss)
61 silly packumentCache full:https://registry.npmjs.org/kleur set size:undefined disposed:false
62 http fetch GET 200 https://registry.npmjs.org/sade 75ms (cache miss)
63 silly packumentCache full:https://registry.npmjs.org/sade set size:undefined disposed:false
64 http fetch GET 200 https://registry.npmjs.org/diff 77ms (cache miss)
65 silly packumentCache full:https://registry.npmjs.org/diff set size:undefined disposed:false
66 http fetch GET 200 https://registry.npmjs.org/source-map-support 79ms (cache miss)
67 silly packumentCache full:https://registry.npmjs.org/source-map-support set size:undefined disposed:false
68 silly fetch manifest @arethetypeswrong/cli@^0.16.2
69 silly packumentCache full:https://registry.npmjs.org/@arethetypeswrong%2fcli cache-miss
70 http fetch GET 200 https://registry.npmjs.org/@arethetypeswrong%2fcli 933ms (cache miss)
71 silly packumentCache full:https://registry.npmjs.org/@arethetypeswrong%2fcli set size:undefined disposed:false
72 silly fetch manifest @babel/cli@^7.22.10
73 silly packumentCache full:https://registry.npmjs.org/@babel%2fcli cache-miss
74 http fetch GET 200 https://registry.npmjs.org/@babel%2fcli 46ms (cache miss)
75 silly packumentCache full:https://registry.npmjs.org/@babel%2fcli set size:undefined disposed:false
76 silly fetch manifest @babel/core@^7.22.10
77 silly packumentCache full:https://registry.npmjs.org/@babel%2fcore cache-miss
78 http fetch GET 200 https://registry.npmjs.org/@babel%2fcore 67ms (cache miss)
79 silly packumentCache full:https://registry.npmjs.org/@babel%2fcore set size:undefined disposed:false
80 silly fetch manifest @babel/preset-env@^7.22.10
81 silly packumentCache full:https://registry.npmjs.org/@babel%2fpreset-env cache-miss
82 http fetch GET 200 https://registry.npmjs.org/@babel%2fpreset-env 386ms (cache miss)
83 silly packumentCache full:https://registry.npmjs.org/@babel%2fpreset-env set size:undefined disposed:false
84 silly fetch manifest @babel/preset-typescript@^7.22.5
85 silly packumentCache full:https://registry.npmjs.org/@babel%2fpreset-typescript cache-miss
86 http fetch GET 200 https://registry.npmjs.org/@babel%2fpreset-typescript 65ms (cache miss)
87 silly packumentCache full:https://registry.npmjs.org/@babel%2fpreset-typescript set size:undefined disposed:false
88 silly fetch manifest @date-fns/docs@^0.38.0
89 silly packumentCache full:https://registry.npmjs.org/@date-fns%2fdocs cache-miss
90 http fetch GET 200 https://registry.npmjs.org/@date-fns%2fdocs 328ms (cache miss)
91 silly packumentCache full:https://registry.npmjs.org/@date-fns%2fdocs set size:undefined disposed:false
92 silly fetch manifest @date-fns/utc@^1.2.0
93 silly packumentCache full:https://registry.npmjs.org/@date-fns%2futc cache-miss
94 http fetch GET 200 https://registry.npmjs.org/@date-fns%2futc 786ms (cache miss)
95 silly packumentCache full:https://registry.npmjs.org/@date-fns%2futc set size:undefined disposed:false
96 silly fetch manifest @octokit/core@^3.2.5
97 silly packumentCache full:https://registry.npmjs.org/@octokit%2fcore cache-miss
98 http fetch GET 200 https://registry.npmjs.org/@octokit%2fcore 187ms (cache miss)
99 silly packumentCache full:https://registry.npmjs.org/@octokit%2fcore set size:undefined disposed:false
100 silly fetch manifest @size-limit/esbuild@^11.0.1
101 silly packumentCache full:https://registry.npmjs.org/@size-limit%2fesbuild cache-miss
102 http fetch GET 200 https://registry.npmjs.org/@size-limit%2fesbuild 188ms (cache miss)
103 silly packumentCache full:https://registry.npmjs.org/@size-limit%2fesbuild set size:undefined disposed:false
104 silly fetch manifest size-limit@^11.0.1
105 silly packumentCache full:https://registry.npmjs.org/size-limit cache-miss
106 http fetch GET 200 https://registry.npmjs.org/size-limit 569ms (cache miss)
107 silly packumentCache full:https://registry.npmjs.org/size-limit set size:undefined disposed:false
108 silly fetch manifest @size-limit/file@^11.0.1
109 silly packumentCache full:https://registry.npmjs.org/@size-limit%2ffile cache-miss
110 http fetch GET 200 https://registry.npmjs.org/@size-limit%2ffile 817ms (cache miss)
111 silly packumentCache full:https://registry.npmjs.org/@size-limit%2ffile set size:undefined disposed:false
112 silly fetch manifest @types/bun@^1.1.9
113 silly packumentCache full:https://registry.npmjs.org/@types%2fbun cache-miss
114 http fetch GET 200 https://registry.npmjs.org/@types%2fbun 43ms (cache miss)
115 silly packumentCache full:https://registry.npmjs.org/@types%2fbun set size:undefined disposed:false
116 silly fetch manifest @types/lodash@^4.14.202
117 silly packumentCache full:https://registry.npmjs.org/@types%2flodash cache-miss
118 http fetch GET 200 https://registry.npmjs.org/@types%2flodash 326ms (cache miss)
119 silly packumentCache full:https://registry.npmjs.org/@types%2flodash set size:undefined disposed:false
120 silly fetch manifest @types/node@^20.14.2
121 silly packumentCache full:https://registry.npmjs.org/@types%2fnode cache-miss
122 http fetch GET 200 https://registry.npmjs.org/@types%2fnode 281ms (cache miss)
123 silly packumentCache full:https://registry.npmjs.org/@types%2fnode set size:undefined disposed:false
124 silly fetch manifest @types/sinon@^9.0.6
125 silly packumentCache full:https://registry.npmjs.org/@types%2fsinon cache-miss
126 http fetch GET 200 https://registry.npmjs.org/@types%2fsinon 371ms (cache miss)
127 silly packumentCache full:https://registry.npmjs.org/@types%2fsinon set size:undefined disposed:false
128 silly fetch manifest @vitest/browser@^1.3.1
129 silly packumentCache full:https://registry.npmjs.org/@vitest%2fbrowser cache-miss
130 http fetch GET 200 https://registry.npmjs.org/@vitest%2fbrowser 788ms (cache miss)
131 silly packumentCache full:https://registry.npmjs.org/@vitest%2fbrowser set size:undefined disposed:false
132 silly fetch manifest playwright@^1.40.1
133 silly packumentCache full:https://registry.npmjs.org/playwright cache-miss
134 http fetch GET 200 https://registry.npmjs.org/playwright 461ms (cache miss)
135 silly packumentCache full:https://registry.npmjs.org/playwright set size:undefined disposed:false
136 silly fetch manifest vitest@^1.3.1
137 silly packumentCache full:https://registry.npmjs.org/vitest cache-miss
138 http fetch GET 200 https://registry.npmjs.org/vitest 102ms (cache miss)
139 silly packumentCache full:https://registry.npmjs.org/vitest set size:undefined disposed:false
140 silly fetch manifest @edge-runtime/vm@*
141 silly packumentCache full:https://registry.npmjs.org/@edge-runtime%2fvm cache-miss
142 http fetch GET 200 https://registry.npmjs.org/@edge-runtime%2fvm 64ms (cache miss)
143 silly packumentCache full:https://registry.npmjs.org/@edge-runtime%2fvm set size:undefined disposed:false
144 silly fetch manifest @vitest/ui@1.6.1
145 silly packumentCache full:https://registry.npmjs.org/@vitest%2fui cache-miss
146 http fetch GET 200 https://registry.npmjs.org/@vitest%2fui 515ms (cache miss)
147 silly packumentCache full:https://registry.npmjs.org/@vitest%2fui set size:undefined disposed:false
148 silly fetch manifest happy-dom@*
149 silly packumentCache full:https://registry.npmjs.org/happy-dom cache-miss
150 http fetch GET 200 https://registry.npmjs.org/happy-dom 119ms (cache miss)
151 silly packumentCache full:https://registry.npmjs.org/happy-dom set size:undefined disposed:false
152 silly fetch manifest jsdom@*
153 silly packumentCache full:https://registry.npmjs.org/jsdom cache-miss
154 http fetch GET 200 https://registry.npmjs.org/jsdom 60ms (cache miss)
155 silly packumentCache full:https://registry.npmjs.org/jsdom set size:undefined disposed:false
156 silly fetch manifest canvas@^3.0.0
157 silly packumentCache full:https://registry.npmjs.org/canvas cache-miss
158 http fetch GET 200 https://registry.npmjs.org/canvas 43ms (cache miss)
159 silly packumentCache full:https://registry.npmjs.org/canvas set size:undefined disposed:false
160 silly fetch manifest webdriverio@*
161 silly packumentCache full:https://registry.npmjs.org/webdriverio cache-miss
162 http fetch GET 200 https://registry.npmjs.org/webdriverio 184ms (cache miss)
163 silly packumentCache full:https://registry.npmjs.org/webdriverio set size:undefined disposed:false
164 silly fetch manifest puppeteer-core@>=22.x || <=24.x
165 silly packumentCache full:https://registry.npmjs.org/puppeteer-core cache-miss
166 http fetch GET 200 https://registry.npmjs.org/puppeteer-core 80ms (cache miss)
167 silly packumentCache full:https://registry.npmjs.org/puppeteer-core set size:undefined disposed:false
168 silly fetch manifest @vitest/coverage-v8@^1.3.1
169 silly packumentCache full:https://registry.npmjs.org/@vitest%2fcoverage-v8 cache-miss
170 http fetch GET 200 https://registry.npmjs.org/@vitest%2fcoverage-v8 181ms (cache miss)
171 silly packumentCache full:https://registry.npmjs.org/@vitest%2fcoverage-v8 set size:undefined disposed:false
172 silly fetch manifest babel-plugin-replace-import-extension@^1.1.4
173 silly packumentCache full:https://registry.npmjs.org/babel-plugin-replace-import-extension cache-miss
174 http fetch GET 200 https://registry.npmjs.org/babel-plugin-replace-import-extension 25ms (cache miss)
175 silly packumentCache full:https://registry.npmjs.org/babel-plugin-replace-import-extension set size:undefined disposed:false
176 silly fetch manifest bun@^1.1.27
177 silly packumentCache full:https://registry.npmjs.org/bun cache-miss
178 http fetch GET 200 https://registry.npmjs.org/bun 487ms (cache miss)
179 silly packumentCache full:https://registry.npmjs.org/bun set size:undefined disposed:false
180 silly fetch manifest cloc@^2.2.0
181 silly packumentCache full:https://registry.npmjs.org/cloc cache-miss
182 http fetch GET 200 https://registry.npmjs.org/cloc 43ms (cache miss)
183 silly packumentCache full:https://registry.npmjs.org/cloc set size:undefined disposed:false
184 silly fetch manifest coveralls@^3.1.1
185 silly packumentCache full:https://registry.npmjs.org/coveralls cache-miss
186 http fetch GET 200 https://registry.npmjs.org/coveralls 36ms (cache miss)
187 silly packumentCache full:https://registry.npmjs.org/coveralls set size:undefined disposed:false
188 silly fetch manifest firebase@^3.7.1
189 silly packumentCache full:https://registry.npmjs.org/firebase cache-miss
190 http fetch GET 200 https://registry.npmjs.org/firebase 522ms (cache miss)
191 silly packumentCache full:https://registry.npmjs.org/firebase set size:undefined disposed:false
192 silly fetch manifest fp-ts@^2.16.2
193 silly packumentCache full:https://registry.npmjs.org/fp-ts cache-miss
194 http fetch GET 200 https://registry.npmjs.org/fp-ts 53ms (cache miss)
195 silly packumentCache full:https://registry.npmjs.org/fp-ts set size:undefined disposed:false
196 silly fetch manifest js-fns@^2.5.1
197 silly packumentCache full:https://registry.npmjs.org/js-fns cache-miss
198 http fetch GET 200 https://registry.npmjs.org/js-fns 285ms (cache miss)
199 silly packumentCache full:https://registry.npmjs.org/js-fns set size:undefined disposed:false
200 silly fetch manifest jscodeshift@^0.15.2
201 silly packumentCache full:https://registry.npmjs.org/jscodeshift cache-miss
202 http fetch GET 200 https://registry.npmjs.org/jscodeshift 39ms (cache miss)
203 silly packumentCache full:https://registry.npmjs.org/jscodeshift set size:undefined disposed:false
204 silly fetch manifest lodash@^4.17.21
205 silly packumentCache full:https://registry.npmjs.org/lodash cache-miss
206 http fetch GET 200 https://registry.npmjs.org/lodash 416ms (cache miss)
207 silly packumentCache full:https://registry.npmjs.org/lodash set size:undefined disposed:false
208 silly fetch manifest prettier@^3.1.0
209 silly packumentCache full:https://registry.npmjs.org/prettier cache-miss
210 http fetch GET 200 https://registry.npmjs.org/prettier 325ms (cache miss)
211 silly packumentCache full:https://registry.npmjs.org/prettier set size:undefined disposed:false
212 silly fetch manifest simple-git@^2.35.2
213 silly packumentCache full:https://registry.npmjs.org/simple-git cache-miss
214 http fetch GET 200 https://registry.npmjs.org/simple-git 58ms (cache miss)
215 silly packumentCache full:https://registry.npmjs.org/simple-git set size:undefined disposed:false
216 silly fetch manifest sinon@^7.4.1
217 silly packumentCache full:https://registry.npmjs.org/sinon cache-miss
218 http fetch GET 200 https://registry.npmjs.org/sinon 76ms (cache miss)
219 silly packumentCache full:https://registry.npmjs.org/sinon set size:undefined disposed:false
220 silly fetch manifest typedoc@^0.26.7
221 silly packumentCache full:https://registry.npmjs.org/typedoc cache-miss
222 http fetch GET 200 https://registry.npmjs.org/typedoc 734ms (cache miss)
223 silly packumentCache full:https://registry.npmjs.org/typedoc set size:undefined disposed:false
224 silly fetch manifest typescript@^5.4.5
225 silly packumentCache full:https://registry.npmjs.org/typescript cache-miss
226 http fetch GET 200 https://registry.npmjs.org/typescript 318ms (cache miss)
227 silly packumentCache full:https://registry.npmjs.org/typescript set size:undefined disposed:false
228 silly fetch manifest typescript@4.6.x || 4.7.x || 4.8.x || 4.9.x || 5.0.x || 5.1.x || 5.2.x || 5.3.x || 5.4.x || 5.5.x || 5.6.x
229 silly packumentCache full:https://registry.npmjs.org/typescript cache-miss
230 http cache https://registry.npmjs.org/typescript 38ms (cache hit)
231 silly packumentCache full:https://registry.npmjs.org/typescript set size:15409943 disposed:false
232 silly fetch manifest typedoc-plugin-missing-exports@^3.0.0
233 silly packumentCache full:https://registry.npmjs.org/typedoc-plugin-missing-exports cache-miss
234 http fetch GET 200 https://registry.npmjs.org/typedoc-plugin-missing-exports 32ms (cache miss)
235 silly packumentCache full:https://registry.npmjs.org/typedoc-plugin-missing-exports set size:undefined disposed:false
236 silly placeDep ROOT @arethetypeswrong/cli@0.16.4 OK for: date-fns@4.1.0 want: ^0.16.2
237 silly placeDep ROOT @babel/cli@7.28.6 OK for: date-fns@4.1.0 want: ^7.22.10
238 silly placeDep ROOT @babel/core@7.29.0 OK for: @babel/cli@7.28.6 want: ^7.0.0-0
239 verbose stack TypeError: Cannot read properties of null (reading 'matches')
239 verbose stack     at Link.matches (/usr/local/lib/node_modules/npm/node_modules/@npmcli/arborist/lib/node.js:1183:41)
239 verbose stack     at Link.canDedupe (/usr/local/lib/node_modules/npm/node_modules/@npmcli/arborist/lib/node.js:1127:15)
239 verbose stack     at PlaceDep.pruneDedupable (/usr/local/lib/node_modules/npm/node_modules/@npmcli/arborist/lib/place-dep.js:426:14)
239 verbose stack     at new PlaceDep (/usr/local/lib/node_modules/npm/node_modules/@npmcli/arborist/lib/place-dep.js:278:14)
239 verbose stack     at new PlaceDep (/usr/local/lib/node_modules/npm/node_modules/@npmcli/arborist/lib/place-dep.js:314:26)
239 verbose stack     at #buildDepStep (/usr/local/lib/node_modules/npm/node_modules/@npmcli/arborist/lib/arborist/build-ideal-tree.js:933:18)
239 verbose stack     at async Arborist.buildIdealTree (/usr/local/lib/node_modules/npm/node_modules/@npmcli/arborist/lib/arborist/build-ideal-tree.js:170:7)
239 verbose stack     at async Promise.all (index 1)
239 verbose stack     at async Arborist.reify (/usr/local/lib/node_modules/npm/node_modules/@npmcli/arborist/lib/arborist/reify.js:111:5)
239 verbose stack     at async Install.exec (/usr/local/lib/node_modules/npm/lib/commands/install.js:146:5)
240 error Cannot read properties of null (reading 'matches')
241 silly unfinished npm timer reify 1778930537332
242 silly unfinished npm timer reify:loadTrees 1778930537333
243 silly unfinished npm timer idealTree:buildDeps 1778930539914
244 silly unfinished npm timer idealTree:node_modules/.pnpm/date-fns@4.1.0/node_modules/date-fns 1778930540541
245 verbose cwd /Users/abdulwahab/Sites/cherrywood
246 verbose os Darwin 24.6.0
247 verbose node v25.9.0
248 verbose npm  v11.12.1
249 notice
249 notice New [33mminor[39m version of npm available! [33m11.12.1[39m -> [34m11.14.1[39m
249 notice Changelog: [34mhttps://github.com/npm/cli/releases/tag/v11.14.1[39m
249 notice To update run: [4mnpm install -g npm@11.14.1[24m
249 notice  { force: true, Symbol(proc-log.meta): true }
250 verbose exit 1
251 verbose code 1
252 error A complete log of this run can be found in: /Users/abdulwahab/Sites/cherrywood/.npm-cache/_logs/2026-05-16T11_22_16_966Z-debug-0.log
